../Core/Application/UART/UI_Layer.c:17:6:UILayer0	16	static
../Core/Application/UART/UI_Layer.c:31:6:UILayerHelpMenu	8	static
../Core/Application/UART/UI_Layer.c:48:6:UISquareInterface	8	static
../Core/Application/UART/UI_Layer.c:67:6:UITriangleInterface	8	static
../Core/Application/UART/UI_Layer.c:87:6:UISawtoothInterface	8	static
../Core/Application/UART/UI_Layer.c:107:6:UITrapeziaInterface	8	static
../Core/Application/UART/UI_Layer.c:131:6:UILayerFrequencySet	48	static
../Core/Application/UART/UI_Layer.c:144:6:UILayerParameterSignalSet	48	static
