../Core/Application/UART/UserUI.c:74:6:UserUI_Init	8	static
../Core/Application/UART/UserUI.c:88:6:SendMessage	16	static
../Core/Application/UART/UserUI.c:102:6:HAL_UART_RxCpltCallback	16	static
../Core/Application/UART/UserUI.c:126:6:ClearRxBuffer	16	static
../Core/Application/UART/UserUI.c:140:6:SetUI_Signal_to_visualisation	8	static
../Core/Application/UART/UserUI.c:164:6:SetHelp	8	static
../Core/Application/UART/UserUI.c:172:6:SetExit	8	static
../Core/Application/UART/UserUI.c:180:6:SetConfirm	8	static
../Core/Application/UART/UserUI.c:188:6:SetSquare	8	static
../Core/Application/UART/UserUI.c:196:6:SetTriangle	8	static
../Core/Application/UART/UserUI.c:204:6:SetSawtooth	8	static
../Core/Application/UART/UserUI.c:212:6:SetTrapezia	8	static
../Core/Application/UART/UserUI.c:226:6:SetLayerHELP	8	static
../Core/Application/UART/UserUI.c:250:6:SetLayerSignal	8	static
../Core/Application/UART/UserUI.c:275:6:ParserSignalParam	16	static
../Core/Application/UART/UserUI.c:321:6:ParserF	8	static
../Core/Application/UART/UserUI.c:384:6:StarComunication	8	static
